≡ƒÜÇ Triggering Weather Alert immediately for testing...
≡ƒîª∩╕Å 4-Day Weather Forecast:

≡ƒôà 2026-02-20
Temp: 25.6┬░C | Condition: few clouds

≡ƒôà 2026-02-21
Temp: 25.69┬░C | Condition: clear sky

≡ƒôà 2026-02-22
Temp: 25.63┬░C | Condition: broken clouds

≡ƒôà 2026-02-23
Temp: 25.75┬░C | Condition: broken clouds

≡ƒôì Location: https://www.google.com/maps?q=13.0827,80.2707

≡ƒô▓ Preparing alert for +916383071072...
≡ƒò╡∩╕Å Starting Selenium Automation...
Γ¥î Selenium missing.
≡ƒô▓ Falling back to PyWhatKit Instant...
Γ£à Delivered via PyWhatKit.
Γ£à Test run complete.
